/Users/mac/work/apps/chitra/server/.venv/lib/python3.13/site-packages/insightface/utils/face_align.py:23: FutureWarning: `estimate` is deprecated since version 0.26 and will be removed in version 2.2. Please use `SimilarityTransform.from_estimate` class constructor instead.
  tform.estimate(lmk, dst)
[init] loading face model (insightface buffalo_l)...
[init] onnxruntime providers: ['CoreMLExecutionProvider', 'CPUExecutionProvider'] (ctx_id=0)
Applied providers: ['CoreMLExecutionProvider', 'CPUExecutionProvider'], with options: {'CPUExecutionProvider': {}, 'CoreMLExecutionProvider': {}}
find model: /Users/mac/.insightface/models/buffalo_l/1k3d68.onnx landmark_3d_68 ['None', 3, 192, 192] 0.0 1.0
Applied providers: ['CoreMLExecutionProvider', 'CPUExecutionProvider'], with options: {'CPUExecutionProvider': {}, 'CoreMLExecutionProvider': {}}
find model: /Users/mac/.insightface/models/buffalo_l/2d106det.onnx landmark_2d_106 ['None', 3, 192, 192] 0.0 1.0
Applied providers: ['CoreMLExecutionProvider', 'CPUExecutionProvider'], with options: {'CPUExecutionProvider': {}, 'CoreMLExecutionProvider': {}}
find model: /Users/mac/.insightface/models/buffalo_l/det_10g.onnx detection [1, 3, '?', '?'] 127.5 128.0
Applied providers: ['CoreMLExecutionProvider', 'CPUExecutionProvider'], with options: {'CPUExecutionProvider': {}, 'CoreMLExecutionProvider': {}}
find model: /Users/mac/.insightface/models/buffalo_l/genderage.onnx genderage ['None', 3, 96, 96] 0.0 1.0
Applied providers: ['CoreMLExecutionProvider', 'CPUExecutionProvider'], with options: {'CPUExecutionProvider': {}, 'CoreMLExecutionProvider': {}}
find model: /Users/mac/.insightface/models/buffalo_l/w600k_r50.onnx recognition ['None', 3, 112, 112] 127.5 127.5
set det-size: (640, 640)
[faces] 2625 unprocessed photos
[faces] 20/2625  faces=27  rate=6.1/s  eta=7.1m
[faces] 40/2625  faces=33  rate=6.4/s  eta=6.7m
[faces] 60/2625  faces=52  rate=6.4/s  eta=6.6m
[faces] 80/2625  faces=82  rate=6.3/s  eta=6.7m
[faces] 100/2625  faces=105  rate=6.4/s  eta=6.6m
[faces] 120/2625  faces=123  rate=6.5/s  eta=6.5m
[faces] 140/2625  faces=144  rate=6.5/s  eta=6.4m
[faces] 160/2625  faces=170  rate=6.5/s  eta=6.4m
[faces] 180/2625  faces=189  rate=6.9/s  eta=5.9m
[faces] 200/2625  faces=210  rate=7.5/s  eta=5.4m
[faces] 220/2625  faces=230  rate=8.0/s  eta=5.0m
[faces] 240/2625  faces=249  rate=8.4/s  eta=4.7m
[faces] 260/2625  faces=272  rate=8.9/s  eta=4.4m
[faces] 280/2625  faces=297  rate=9.3/s  eta=4.2m
[faces] 300/2625  faces=320  rate=9.7/s  eta=4.0m
[faces] 320/2625  faces=337  rate=10.0/s  eta=3.8m
[faces] 340/2625  faces=358  rate=10.4/s  eta=3.7m
[faces] 360/2625  faces=379  rate=10.7/s  eta=3.5m
[faces] 380/2625  faces=398  rate=11.0/s  eta=3.4m
[faces] 400/2625  faces=421  rate=11.3/s  eta=3.3m
[faces] 420/2625  faces=445  rate=11.6/s  eta=3.2m
[faces] 440/2625  faces=463  rate=11.9/s  eta=3.1m
[faces] 460/2625  faces=478  rate=12.2/s  eta=3.0m
[faces] 480/2625  faces=500  rate=12.4/s  eta=2.9m
[faces] 500/2625  faces=516  rate=12.7/s  eta=2.8m
[faces] 520/2625  faces=535  rate=13.0/s  eta=2.7m
[faces] 540/2625  faces=555  rate=13.2/s  eta=2.6m
[faces] 560/2625  faces=573  rate=13.5/s  eta=2.6m
[faces] 580/2625  faces=600  rate=13.7/s  eta=2.5m
[faces] 600/2625  faces=628  rate=13.9/s  eta=2.4m
[faces] 620/2625  faces=651  rate=14.1/s  eta=2.4m
[faces] 640/2625  faces=667  rate=14.4/s  eta=2.3m
[faces] 660/2625  faces=690  rate=14.6/s  eta=2.2m
[faces] 680/2625  faces=714  rate=14.8/s  eta=2.2m
[faces] 700/2625  faces=740  rate=15.0/s  eta=2.1m
[faces] 720/2625  faces=754  rate=15.2/s  eta=2.1m
[faces] 740/2625  faces=802  rate=15.3/s  eta=2.1m
[faces] 760/2625  faces=817  rate=15.4/s  eta=2.0m
[faces] 780/2625  faces=839  rate=15.6/s  eta=2.0m
[faces] 800/2625  faces=850  rate=15.8/s  eta=1.9m
[faces] 820/2625  faces=873  rate=15.9/s  eta=1.9m
[faces] 840/2625  faces=884  rate=16.1/s  eta=1.8m
[faces] 860/2625  faces=893  rate=16.3/s  eta=1.8m
[faces] 880/2625  faces=921  rate=16.4/s  eta=1.8m
[faces] 900/2625  faces=936  rate=16.6/s  eta=1.7m
[faces] 920/2625  faces=965  rate=16.7/s  eta=1.7m
[faces] 940/2625  faces=989  rate=16.8/s  eta=1.7m
[faces] 960/2625  faces=1011  rate=17.0/s  eta=1.6m
[faces] 980/2625  faces=1030  rate=17.1/s  eta=1.6m
[faces] 1000/2625  faces=1040  rate=17.2/s  eta=1.6m
[faces] 1020/2625  faces=1059  rate=17.4/s  eta=1.5m
[faces] 1040/2625  faces=1077  rate=17.5/s  eta=1.5m
[faces] 1060/2625  faces=1095  rate=17.6/s  eta=1.5m
[faces] 1080/2625  faces=1117  rate=17.7/s  eta=1.5m
[faces] 1100/2625  faces=1130  rate=17.8/s  eta=1.4m
[faces] 1120/2625  faces=1149  rate=18.0/s  eta=1.4m
[faces] 1140/2625  faces=1167  rate=18.1/s  eta=1.4m
[faces] 1160/2625  faces=1190  rate=18.2/s  eta=1.3m
[faces] 1180/2625  faces=1212  rate=18.3/s  eta=1.3m
[faces] 1200/2625  faces=1226  rate=18.4/s  eta=1.3m
[faces] 1220/2625  faces=1248  rate=18.5/s  eta=1.3m
[faces] 1240/2625  faces=1287  rate=18.5/s  eta=1.2m
[faces] 1260/2625  faces=1301  rate=18.6/s  eta=1.2m
[faces] 1280/2625  faces=1316  rate=18.7/s  eta=1.2m
[faces] 1300/2625  faces=1333  rate=18.8/s  eta=1.2m
[faces] 1320/2625  faces=1358  rate=18.9/s  eta=1.2m
[faces] 1340/2625  faces=1371  rate=19.0/s  eta=1.1m
[faces] 1360/2625  faces=1375  rate=19.1/s  eta=1.1m
[faces] 1380/2625  faces=1391  rate=19.2/s  eta=1.1m
[faces] 1400/2625  faces=1417  rate=19.2/s  eta=1.1m
[faces] 1420/2625  faces=1433  rate=19.3/s  eta=1.0m
[faces] 1440/2625  faces=1452  rate=19.4/s  eta=1.0m
[faces] 1460/2625  faces=1468  rate=19.5/s  eta=1.0m
[faces] 1480/2625  faces=1493  rate=19.5/s  eta=1.0m
[faces] 1500/2625  faces=1504  rate=19.6/s  eta=1.0m
[faces] 1520/2625  faces=1519  rate=19.7/s  eta=0.9m
[faces] 1540/2625  faces=1524  rate=19.8/s  eta=0.9m
[faces] 1560/2625  faces=1533  rate=19.8/s  eta=0.9m
[faces] 1580/2625  faces=1547  rate=19.9/s  eta=0.9m
[faces] 1600/2625  faces=1565  rate=20.0/s  eta=0.9m
[faces] 1620/2625  faces=1588  rate=20.0/s  eta=0.8m
[faces] 1640/2625  faces=1609  rate=20.1/s  eta=0.8m
[faces] 1660/2625  faces=1630  rate=20.0/s  eta=0.8m
[faces] 1680/2625  faces=1654  rate=20.0/s  eta=0.8m
[faces] 1700/2625  faces=1678  rate=20.1/s  eta=0.8m
[faces] 1720/2625  faces=1695  rate=20.1/s  eta=0.7m
[faces] 1740/2625  faces=1717  rate=20.2/s  eta=0.7m
[faces] 1760/2625  faces=1744  rate=20.2/s  eta=0.7m
[faces] 1780/2625  faces=1767  rate=20.3/s  eta=0.7m
[faces] 1800/2625  faces=1783  rate=20.3/s  eta=0.7m
[faces] 1820/2625  faces=1806  rate=20.4/s  eta=0.7m
[faces] 1840/2625  faces=1829  rate=20.4/s  eta=0.6m
[faces] 1860/2625  faces=1850  rate=20.5/s  eta=0.6m
[faces] 1880/2625  faces=1873  rate=20.5/s  eta=0.6m
[faces] 1900/2625  faces=1897  rate=20.5/s  eta=0.6m
[faces] 1920/2625  faces=1916  rate=20.6/s  eta=0.6m
[faces] 1940/2625  faces=1949  rate=20.6/s  eta=0.6m
[faces] 1960/2625  faces=1970  rate=20.6/s  eta=0.5m
[faces] 1980/2625  faces=1995  rate=20.7/s  eta=0.5m
[faces] 2000/2625  faces=2013  rate=20.7/s  eta=0.5m
[faces] 2020/2625  faces=2026  rate=20.8/s  eta=0.5m
[faces] 2040/2625  faces=2043  rate=20.8/s  eta=0.5m
[faces] 2060/2625  faces=2065  rate=20.8/s  eta=0.5m
[faces] 2080/2625  faces=2089  rate=20.8/s  eta=0.4m
[faces] 2100/2625  faces=2109  rate=20.8/s  eta=0.4m
[faces] 2120/2625  faces=2126  rate=20.8/s  eta=0.4m
[faces] 2140/2625  faces=2144  rate=20.8/s  eta=0.4m
[faces] 2160/2625  faces=2168  rate=20.8/s  eta=0.4m
[faces] 2180/2625  faces=2186  rate=20.9/s  eta=0.4m
[faces] 2200/2625  faces=2216  rate=20.9/s  eta=0.3m
[faces] 2220/2625  faces=2234  rate=20.9/s  eta=0.3m
[faces] 2240/2625  faces=2260  rate=20.9/s  eta=0.3m
[faces] 2260/2625  faces=2273  rate=20.9/s  eta=0.3m
[faces] 2280/2625  faces=2295  rate=21.0/s  eta=0.3m
[faces] 2300/2625  faces=2318  rate=20.6/s  eta=0.3m
[faces] 2320/2625  faces=2345  rate=20.1/s  eta=0.3m
[faces] 2340/2625  faces=2372  rate=19.7/s  eta=0.2m
[faces] 2360/2625  faces=2393  rate=19.4/s  eta=0.2m
[faces] 2380/2625  faces=2422  rate=19.0/s  eta=0.2m
[faces] 2400/2625  faces=2446  rate=18.5/s  eta=0.2m
[faces] 2420/2625  faces=2477  rate=18.1/s  eta=0.2m
[faces] 2440/2625  faces=2502  rate=17.8/s  eta=0.2m
[faces] 2460/2625  faces=2527  rate=17.5/s  eta=0.2m
[faces] 2480/2625  faces=2560  rate=17.2/s  eta=0.1m
[faces] 2500/2625  faces=2596  rate=16.8/s  eta=0.1m
[faces] 2520/2625  faces=2618  rate=16.5/s  eta=0.1m
[faces] 2540/2625  faces=2630  rate=16.5/s  eta=0.1m
[faces] 2560/2625  faces=2647  rate=16.5/s  eta=0.1m
[faces] 2580/2625  faces=2662  rate=16.4/s  eta=0.0m
[faces] 2600/2625  faces=2686  rate=16.3/s  eta=0.0m
[faces] 2620/2625  faces=2703  rate=16.2/s  eta=0.0m
[faces] done. processed=2625 inserted_faces=2706
[cluster] running DBSCAN on 1659 embeddings (score>=0.65, edge>=60, eps=0.45)...
[cluster] 22 clusters, 97 unclustered
